ninja-embed q1 shell — libghostty 1.3.2-master-+8fc348a
ninja-embed: action tag=41 has_view=false
ninja-embed: action tag=25 has_view=true
ninja-embed: action tag=22 has_view=true
ninja-embed: action tag=26 has_view=true
ninja-embed: action tag=26 has_view=true
ninja-embed: action tag=41 has_view=false
ninja-embed: action tag=25 has_view=true
ninja-embed: action tag=22 has_view=true
ninja-embed: action tag=25 has_view=true
ninja-embed: close_surface_cb alive=true process_alive=true
ninja-embed: close_leaf_deferred pane=2
ninja-embed: action tag=26 has_view=true
ninja-embed: action tag=26 has_view=true
ninja-embed: action tag=32 has_view=true
ninja-embed: action tag=41 has_view=false
ninja-embed: action tag=25 has_view=true
ninja-embed: action tag=22 has_view=true
ninja-embed: action tag=25 has_view=true
ninja-embed: action tag=26 has_view=true
ninja-embed: action tag=26 has_view=true
ninja-embed: action tag=26 has_view=true
ninja-embed: action tag=32 has_view=true
ninja-embed: action tag=41 has_view=false
ninja-embed: action tag=25 has_view=true
ninja-embed: action tag=22 has_view=true
ninja-embed: action tag=25 has_view=true
ninja-embed: action tag=26 has_view=true
ninja-embed: action tag=26 has_view=true
ninja-embed: action tag=32 has_view=true
ninja-embed: keyDown code=30 flags=0x120000 chars=Some("]")
2026-08-31 00:30:32.692 ninja-embed[59512:10441973] TSM AdjustCapsLockLEDForKeyTransitionHandling - _ISSetPhysicalKeyboardCapsLockLED Inhibit
ninja-embed: action tag=15 has_view=true
ninja-embed: action tag=44 has_view=true
ninja-embed: close-request keyDown mods=0x100000 bare_cmd=true
ninja-embed: windowShouldClose -> true
ninja-embed: windowWillClose
ninja-embed: close_leaf_deferred pane=4
