ninja-embed q1 shell — libghostty 1.3.2-master-+8fc348a
ninja-embed: action tag=41 has_view=false
ninja-embed: action tag=25 has_view=true
ninja-embed: action tag=22 has_view=true
ninja-embed: action tag=26 has_view=true
ninja-embed: action tag=26 has_view=true
ninja-embed: action tag=32 has_view=true
ninja-embed: action tag=41 has_view=false
ninja-embed: action tag=25 has_view=true
ninja-embed: action tag=22 has_view=true
ninja-embed: action tag=25 has_view=true
ninja-embed: action tag=26 has_view=true
ninja-embed: action tag=26 has_view=true
ninja-embed: action tag=32 has_view=true
ninja-embed: keyDown code=14 flags=0x20000000 chars=Some("e")
2026-08-31 00:30:58.240 ninja-embed[63496:10449360] TSM AdjustCapsLockLEDForKeyTransitionHandling - _ISSetPhysicalKeyboardCapsLockLED Inhibit
ninja-embed: action tag=37 has_view=true
ninja-embed: keyDown code=7 flags=0x20000000 chars=Some("x")
ninja-embed: keyDown code=34 flags=0x20000000 chars=Some("i")
ninja-embed: keyDown code=17 flags=0x20000000 chars=Some("t")
ninja-embed: keyDown code=36 flags=0x20000000 chars=Some("\r")
ninja-embed: action tag=32 has_view=true
ninja-embed: action tag=56 has_view=true
ninja-embed: close_surface_cb alive=true process_alive=false
ninja-embed: action tag=37 has_view=true
ninja-embed: close_leaf_deferred pane=2
ninja-embed: action tag=41 has_view=false
ninja-embed: action tag=25 has_view=true
ninja-embed: action tag=22 has_view=true
ninja-embed: action tag=25 has_view=true
ninja-embed: action tag=26 has_view=true
ninja-embed: action tag=26 has_view=true
ninja-embed: action tag=41 has_view=false
ninja-embed: action tag=25 has_view=true
ninja-embed: action tag=22 has_view=true
ninja-embed: action tag=25 has_view=true
ninja-embed: action tag=26 has_view=true
ninja-embed: action tag=26 has_view=true
ninja-embed: action tag=26 has_view=true
ninja-embed: action tag=26 has_view=true
ninja-embed: action tag=32 has_view=true
ninja-embed: action tag=32 has_view=true
