virtual display: 49 (frame x=)

== 0 协议契约 + 依赖红线
  [PASS] 0.1 协议契约测试（往返/golden 17/信封/策略/帧层/第二语言）
  [PASS] 0.2 golden 文件数（六类 17 型钉死） = 17
  [PASS] 0.3 ninja-preview 依赖树无宿主/ghostty-sys = 0
  [PASS] 0.4 ninja-theme 依赖树无宿主/ghostty-sys = 0
  [PASS] 0.5 宿主插件单测（hit 分发/生命周期/清扫/坏协议/空载零 socket）

== A 门禁一：空载内存对照 Ghostty 本尊（同量级 ≤1.5×）
  [PASS] A0 Ghostty 本尊版本 = 1.3.0
  [PASS] A1 空载零插件进程
  [PASS] A2 空载宿主 unix socket 数（零插件 socket） = 0
ninja idle footprint median: 92734448 bytes
ghostty 1.3.0 footprint median: 169559216 bytes
ratio ninja/ghostty = 0.547
  [PASS] A3 空载内存同量级（ninja 92734448 / ghostty 169559216 = 0.547× ≤1.5×）

== B 门禁二：第一个插件（⌘click 路径 → 终端内看文本 → Esc 关层焦点回终端）
  [PASS] B1 启用即拉起（宿主日志）
  [PASS] B2 ninja-preview 进程在跑（pid 23843）
  [PASS] B3 ADE socket 存在（/var/folders/72/fpn_ck6d125094kqmc72q1bm0000gn/T//ninja-ade-23838.sock）
  [PASS] B4 点击前终端背景 ≈ #3a2a5b（像素 {"avg":[58,42,91],"px":[300,175]}，期望 [58,42,91]±14）
  [PASS] B5 ⌘+click 路径 → 插件 present 层（命中行 row=2，真鼠标全局 HID tap）
  [PASS] B6 hit 广播（kind=path、text=路径）
  [PASS] B7 hit.claim priority=100（ninja-preview 认领）
  [PASS] B8 layer.open → layer.ready（IOSurface global id）
  [PASS] B9 layer.present（宿主合成）
  [PASS] B10 层背景像素 = 预览层 #282c34（{"px":[285,58],"avg":[45,49,58]}）
  [PASS] B11 层内容含文件文本（{"px":[601,105],"std":[33,34,35],"avg":[55,59,69]}：密集字形方差 > 空白背景）
  [PASS] B12 Esc 关层（宿主收口 + 通知插件 layer.close）
  [PASS] B13 关层后像素回终端背景 #3a2a5b（像素 {"avg":[58,42,91],"px":[300,146]}，期望 [58,42,91]±16）
  [PASS] B14 Esc 后焦点回终端（键入 23 字符全走 surface_key 通道）

== C 门禁三：关掉即轻（禁用回收 / 杀插件收层+色板回退 / SIGKILL 宿主）
  [PASS] C1 theme.set 应用（覆盖层装载，名 solarized-dark）
  [PASS] C2 色板生效（background=#002b36 solarized-dark）
  [PASS] C3 色板像素 ≈ #002b36（像素 {"avg":[1,43,54],"px":[300,175]}，期望 [0,43,54]±16）
  [PASS] C4 杀 ninja-theme → 色板回退（宿主日志）
  [PASS] C5 回退后 background=#3a2a5b（用户基线）
  [PASS] C6 回退像素 ≈ #3a2a5b（像素 {"avg":[58,42,91],"px":[300,175]}，期望 [58,42,91]±16）
  [PASS] C7 ⌘+click → 层出现（second claim）
  [PASS] C8 SIGKILL ninja-preview → 连接 EOF → 层回收
  [PASS] C9 插件死亡后像素回终端背景（像素 {"px":[300,175],"avg":[58,42,91]}，期望 [58,42,91]±18）
  [PASS] C10 面板 off ninja-preview（写回+回收）
  [PASS] C11 off 后无 ninja-preview 进程
  [PASS] C12 名单空 → socket 文件删除（关掉即轻）
  [PASS] C13 禁用收口日志（层/连接/子进程/socket 全清）
  [PASS] C14 禁用后宿主内存回空载基线（98599968 ≤ idle 92734448 + 8MiB）
  [PASS] C15 面板 on → 启用即重拉
  [PASS] C16 重拉后 socket 重建
  [PASS] C17 面板开关写回 ninja.toml
  [PASS] C18 宿主 SIGKILL 后插件 EOF 自退（无残留进程）
  [PASS] C19 SIGKILL 留下陈旧 socket（下次启动清扫的取证前提）
  [PASS] C20 启动清扫陈旧 socket（pid 已死才删）
  [PASS] C21 陈旧 socket 已被清扫
  [PASS] C22 新会话 socket（新 pid）

== D q0 取证模式回归（--evidence-dir）
  [PASS] D1 q0 模式 exit 0
  [PASS] D2 q0 report.txt overall: PASS

== 结果：PASS=47 FAIL=0
PASS=47 FAIL=0
OVERALL: PASS
