virtual display: 51 (frame x=)

== A 布局树 + ⌘⇧Enter 三态 + 焦点 + resize（tab,split 自布置）
a-step1.json ok
  [PASS] A1 selftest tab,split → leaves=2
  [PASS] A1 两叶几何/网格各自非零
  [PASS] A1 对半分屏列数一致
  [PASS] A1 窗口数（tab 并入） = 1
a-step2-zoom.json ok
  [PASS] A2 ⌘⇧Enter 放大焦点面
  [PASS] A2 其余面隐藏
  [PASS] A2 放大面网格变宽
a-step3-restore.json ok
  [PASS] A3 ⌘⇧Enter 还原布局
  [PASS] A3 还原后对半几何
a-step4-bindact.json ok
  [PASS] A4 bindact:toggle_split_zoom 放大（action_cb 路径）
  [PASS] A4 action_cb 决策日志在 docs/q1-evidence/e2e-logs/a.log
a-step5-bindact-restore.json ok
  [PASS] A5 action 路径再按还原
a-step6-focus.json ok
  [PASS] A6 点击左面 → 回显落左面
a-step7-goto.json ok
  [PASS] A7 ⌘] goto_split → 回显落右面
a-step8-winresize.json ok
  [PASS] A8 窗口拖小 → 列数 39→26
a-step9-divider.json ok
  [PASS] A9 分隔条左拖 → 左叶 217.5→127.5
a-step10-resizesplit.json ok
  [PASS] A10 ⌘⌃← resize_split → 左叶 127.5→117.5
a-step11-equalize.json ok
  [PASS] A11 ⌃⌘= equalize → 对半
  children: login login login 
  [PASS] A12 子进程只有 shell（login login login ）
  unix sockets in host: 0
  [PASS] A12 宿主 unix socket 数（零插件 socket） = 0

== B ⌘W 菜单路径多 pane + EOF + 单 pane 窗口 zoom
b-step0.json ok
  [PASS] B0 单 pane 起步
b-step1-winzoom.json ok
  [PASS] B1 单 pane ⌘⇧Enter → window.zoomed
b-step2-unzoom.json ok
  [PASS] B2 再按还原窗口
b-step3-split.json ok
  [PASS] B3 ⌘D → NEW_SPLIT:right → leaves=2
  [PASS] B3 无意外 close
b-step4-cmdw.json ok
  [PASS] B4 真键 ⌘W 多 pane → leaves=1（只关一面）
  [PASS] B4 窗口数不变 = 1
  [PASS] B4 决策日志：裸 ⌘W 识别
  [PASS] B4 决策日志：windowShouldClose false（拦整窗）
  [PASS] B5 EOF(exit) → 单 pane 关窗 → 进程退出
  [PASS] B5 close_surface_cb process_alive=false
  [PASS] B5 windowWillClose 收尾

== C ghostty 绑定路径 ⌘W（close_surface）+ ⌘N 多窗
c-step1.json ok
  [PASS] C1 selftest split,closebinding → 绑定路径只关一面（leaves=1）
  [PASS] C1 窗口存活（close_surface_cb 多 pane 不关窗）
  [PASS] C1 close_surface_cb(process_alive=true) 日志
c-step2.json ok
  [PASS] C2 bindact:close_surface 多 pane → leaves=1
  [PASS] C3 ⌘N 真键 → 窗口数 = 2
c-step3-newwin.json ok
  [PASS] C3 新窗单 pane（inherited_config WINDOW）

== D ⌘W 单 pane：关 tab → 关窗（⌘T 真键）
  [PASS] D1 ⌘T 后窗口数（tab 并入） = 1
d-step1.json ok
  [PASS] D1 当前 tab 单 pane
  [PASS] D2 ⌘W 关 tab（非最后 tab → 窗口存活）
  [PASS] D2 窗口数 = 1
  [PASS] D3 ⌘W 最后 tab → 关窗 → 进程退出

== E q0 取证模式回归（--evidence-dir）
  [PASS] E1 q0 模式 exit 0
  [PASS] E2 q0 report.txt overall: PASS（5 检查项）

== 汇总
PASS=45 FAIL=0
OVERALL: PASS
