ninja-embed q2 shell — libghostty 1.3.2-HEAD-+f1b8fc4；配置：用户 theme=false ODP=true 监视 2 文件；资源目录 "/Users/jal/my_repos/ninja/vendor/ghostty/out/share/ghostty"
ninja-embed: action tag=41 has_view=false
ninja-embed: action tag=25 has_view=true
ninja-embed: action tag=22 has_view=true
ninja-embed: action tag=26 has_view=true
ninja-embed: action tag=26 has_view=true
ninja-embed: action tag=32 has_view=true
ninja-embed: menu→binding_action(new_split:right)
ninja-embed: action tag=4 has_view=true
ninja-embed: action tag=41 has_view=false
ninja-embed: action tag=25 has_view=true
ninja-embed: action tag=22 has_view=true
ninja-embed: action tag=25 has_view=true
ninja-embed: action tag=26 has_view=true
ninja-embed: action tag=26 has_view=true
ninja-embed: action tag=32 has_view=true
ninja-embed: 热重载排期（file-watch）
ninja-embed: ghostty 配置诊断: /tmp/nq2-c/xdg/ghostty/config:2:keybind: unknown error error.InvalidFormat
ninja-embed: action tag=44 has_view=true
ninja-embed: action tag=25 has_view=true
ninja-embed: action tag=48 has_view=true
ninja-embed: CONFIG_CHANGE（新配置已传播全部 surface）
ninja-embed: action tag=44 has_view=true
ninja-embed: action tag=25 has_view=true
ninja-embed: action tag=48 has_view=true
ninja-embed: CONFIG_CHANGE（新配置已传播全部 surface）
ninja-embed: action tag=48 has_view=false
ninja-embed: CONFIG_CHANGE（新配置已传播全部 surface）
ninja-embed: 配置已重载（用户 theme=false ODP=true 监视 2 文件）
ninja-embed: keyDown code=5 flags=0x100000 chars=Some("g")
2026-08-31 02:06:10.124 ninja-embed[24348:11093166] TSM AdjustCapsLockLEDForKeyTransitionHandling - _ISSetPhysicalKeyboardCapsLockLED Inhibit
ninja-embed: action tag=44 has_view=true
ninja-embed: action tag=25 has_view=true
ninja-embed: action tag=26 has_view=true
ninja-embed: menu→binding_action(new_tab)
ninja-embed: action tag=2 has_view=true
ninja-embed: action tag=41 has_view=false
ninja-embed: action tag=25 has_view=true
ninja-embed: action tag=22 has_view=true
ninja-embed: action tag=25 has_view=true
ninja-embed: action tag=26 has_view=true
ninja-embed: action tag=26 has_view=true
ninja-embed: action tag=32 has_view=true
ninja-embed: action tag=47 has_view=false
ninja-embed: 热重载排期（reload_config）
ninja-embed: action tag=44 has_view=true
ninja-embed: action tag=25 has_view=true
ninja-embed: action tag=48 has_view=true
ninja-embed: CONFIG_CHANGE（新配置已传播全部 surface）
ninja-embed: action tag=44 has_view=true
ninja-embed: action tag=25 has_view=true
ninja-embed: action tag=48 has_view=true
ninja-embed: CONFIG_CHANGE（新配置已传播全部 surface）
ninja-embed: action tag=44 has_view=true
ninja-embed: action tag=25 has_view=true
ninja-embed: action tag=48 has_view=true
ninja-embed: CONFIG_CHANGE（新配置已传播全部 surface）
ninja-embed: action tag=48 has_view=false
ninja-embed: CONFIG_CHANGE（新配置已传播全部 surface）
ninja-embed: 配置已重载（用户 theme=false ODP=true 监视 2 文件）
ninja-embed: action tag=26 has_view=true
ninja-embed: action tag=26 has_view=true
ninja-embed: 热重载排期（file-watch）
ninja-embed: action tag=44 has_view=true
ninja-embed: action tag=25 has_view=true
ninja-embed: action tag=48 has_view=true
ninja-embed: CONFIG_CHANGE（新配置已传播全部 surface）
ninja-embed: action tag=44 has_view=true
ninja-embed: action tag=25 has_view=true
ninja-embed: action tag=48 has_view=true
ninja-embed: CONFIG_CHANGE（新配置已传播全部 surface）
ninja-embed: action tag=44 has_view=true
ninja-embed: action tag=25 has_view=true
ninja-embed: action tag=48 has_view=true
ninja-embed: CONFIG_CHANGE（新配置已传播全部 surface）
ninja-embed: action tag=48 has_view=false
ninja-embed: CONFIG_CHANGE（新配置已传播全部 surface）
ninja-embed: 配置已重载（用户 theme=false ODP=true 监视 2 文件）
