ninja q1 shell — libghostty 1.3.2-master-+7c92cd6
ninja: action tag=41 has_view=false
ninja: action tag=25 has_view=true
ninja: action tag=22 has_view=true
screen: NINJA_E2E_SCREEN=27（虚拟屏取证）
ninja: action tag=26 has_view=true
ninja: action tag=26 has_view=true
ninja: action tag=32 has_view=true
ninja: keyDown code=6 flags=0x100 chars=Some("z") unmod=Some("z")
2026-08-31 12:58:48.808 ninja[71275:14977566] TSM AdjustCapsLockLEDForKeyTransitionHandling - _ISSetPhysicalKeyboardCapsLockLED Inhibit
ninja: surface_key code=6 text="z" mods=0x0 consumed=true
ninja: surface_key code=6 text=None mods=0x0 consumed=false
ninja: keyDown code=51 flags=0x100 chars=Some("\u{7f}") unmod=Some("\u{8}")
ninja: surface_key code=51 text="\u{7f}" mods=0x0 consumed=true
ninja: surface_key code=51 text=None mods=0x0 consumed=false
ninja: action tag=25 has_view=true
ninja: action tag=26 has_view=true
ninja: action tag=26 has_view=true
ninja: action tag=26 has_view=true
ninja: action tag=26 has_view=true
ninja: action tag=26 has_view=true
ninja: action tag=26 has_view=true
ninja: action tag=26 has_view=true
ninja: action tag=26 has_view=true
ninja: action tag=26 has_view=true
ninja: action tag=26 has_view=true
ninja: action tag=26 has_view=true
ninja: action tag=26 has_view=true
ninja: action tag=26 has_view=true
ninja: action tag=26 has_view=true
ninja: action tag=26 has_view=true
ninja: action tag=26 has_view=true
ninja: action tag=26 has_view=true
ninja: action tag=26 has_view=true
ninja: action tag=26 has_view=true
ninja: action tag=26 has_view=true
ninja: action tag=26 has_view=true
ninja: action tag=26 has_view=true
ninja: action tag=26 has_view=true
ninja: action tag=26 has_view=true
ninja: action tag=26 has_view=true
ninja: action tag=26 has_view=true
ninja: action tag=41 has_view=false
ninja: action tag=25 has_view=true
ninja: action tag=22 has_view=true
ninja: action tag=25 has_view=true
ninja: action tag=25 has_view=true
ninja: action tag=25 has_view=true
ninja: action tag=26 has_view=true
ninja: action tag=26 has_view=true
ninja: action tag=32 has_view=true
ninja: close-request keyDown mods=0x100100 bare_cmd=true
ninja: close_leaf_deferred pane=2
ninja: windowShouldClose -> false
ninja: keyDown code=14 flags=0x100 chars=Some("e") unmod=Some("e")
ninja: surface_key code=14 text="e" mods=0x0 consumed=true
ninja: surface_key code=14 text=None mods=0x0 consumed=false
ninja: keyDown code=7 flags=0x100 chars=Some("x") unmod=Some("x")
ninja: surface_key code=7 text="x" mods=0x0 consumed=true
ninja: surface_key code=7 text=None mods=0x0 consumed=false
ninja: keyDown code=34 flags=0x100 chars=Some("i") unmod=Some("i")
ninja: surface_key code=34 text="i" mods=0x0 consumed=true
ninja: surface_key code=34 text=None mods=0x0 consumed=false
ninja: keyDown code=17 flags=0x100 chars=Some("t") unmod=Some("t")
ninja: surface_key code=17 text="t" mods=0x0 consumed=true
ninja: surface_key code=17 text=None mods=0x0 consumed=false
ninja: keyDown code=36 flags=0x100 chars=Some("\r") unmod=Some("\r")
ninja: surface_key code=36 text=None mods=0x0 consumed=true
ninja: action tag=32 has_view=true
ninja: action tag=56 has_view=true
ninja: close_surface_cb alive=true process_alive=false
ninja: close-request keyDown mods=0x100 bare_cmd=false
ninja: windowShouldClose -> true
ninja: windowWillClose
ninja: close_leaf_deferred pane=1
ninja: terminateAfterLastWindowClosed? -> true
