ninja q2 shell — libghostty 1.3.2-master-+b63cfa0；配置：用户 theme=false ODP=true 监视 2 文件；资源目录 "/Users/jal/my_repos/ninja/vendor/ghostty/out/share/ghostty"
ninja: 清扫陈旧 ADE socket /var/folders/72/fpn_ck6d125094kqmc72q1bm0000gn/T/ninja-ade-69362.sock（pid 69362 已死）
ninja: ninja.toml 启用插件 ["ninja-preview", "ninja-theme"]（启用即拉起，监督器见 plugins.rs）
screen: NINJA_E2E_SCREEN=105（虚拟屏取证）
ninja: action tag=41 has_view=false
ninja: action tag=25 has_view=true
ninja: action tag=22 has_view=true
ninja: push_size pane=1 bounds=(800.0,632.0) scale=1
ninja: push_size pane=1 bounds=(640.0,408.0) scale=1
ninja: push_size pane=1 bounds=(640.0,440.0) scale=1
ninja: push_size pane=1 bounds=(640.0,440.0) scale=1
screen: NINJA_E2E_SCREEN=105（虚拟屏取证）
ninja: 已拉起插件 "ninja-preview"（pid 71418，socket "/var/folders/72/fpn_ck6d125094kqmc72q1bm0000gn/T/ninja-ade-71410.sock"）
ninja: 已拉起插件 "ninja-theme"（pid 71419，socket "/var/folders/72/fpn_ck6d125094kqmc72q1bm0000gn/T/ninja-ade-71410.sock"）
ninja-preview: 已连接宿主（v0）
ninja: action tag=26 has_view=true
ninja[ade]: pump tick（layers=false theme=false pending=true）
ninja[ade]: 插件连接 conn=1 进来
ninja: action tag=26 has_view=true
ninja[ade]: pump tick（layers=false theme=false pending=true）
ninja-theme: 已连接宿主（v0），推色板 "solarized-dark"
ninja[ade]: pump tick（layers=false theme=false pending=true）
ninja[ade]: 插件连接 conn=2 进来
ninja: 主题插件已换色板 "solarized-dark"（conn 2）
ninja: 热重载排期（theme.set）
ninja: action tag=44 has_view=true
ninja: action tag=25 has_view=true
ninja: action tag=48 has_view=true
ninja: CONFIG_CHANGE（新配置已传播全部 surface）
ninja: action tag=48 has_view=false
ninja: CONFIG_CHANGE（新配置已传播全部 surface）
ninja: 配置已重载（用户 theme=false ODP=true 监视 2 文件）
ninja[ade]: pump tick（layers=false theme=true pending=true）
ninja[ade]: pump tick（layers=false theme=true pending=true）
ninja[ade]: pump tick（layers=false theme=true pending=true）
ninja[ade]: pump tick（layers=false theme=true pending=true）
ninja[ade]: pump tick（layers=false theme=true pending=true）
ninja[ade]: pump tick（layers=false theme=true pending=true）
ninja[ade]: pump tick（layers=false theme=true pending=true）
ninja[ade]: pump tick（layers=false theme=true pending=true）
ninja[ade]: pump tick（layers=false theme=true pending=true）
ninja: action tag=32 has_view=true
ninja[ade]: pump tick（layers=false theme=true pending=true）
ninja[ade]: pump tick（layers=false theme=true pending=true）
ninja[ade]: pump tick（layers=false theme=true pending=true）
ninja[ade]: pump tick（layers=false theme=true pending=true）
ninja[ade]: pump tick（layers=false theme=true pending=true）
ninja[ade]: pump tick（layers=false theme=true pending=true）
ninja[ade]: pump tick（layers=false theme=true pending=true）
ninja[ade]: pump tick（layers=false theme=true pending=true）
ninja[ade]: pump tick（layers=false theme=true pending=true）
ninja[ade]: pump tick（layers=false theme=true pending=true）
ninja[ade]: pump tick（layers=false theme=true pending=true）
ninja[ade]: pump tick（layers=false theme=true pending=true）
ninja[ade]: pump tick（layers=false theme=true pending=true）
ninja[ade]: pump tick（layers=false theme=true pending=true）
ninja[ade]: pump tick（layers=false theme=true pending=true）
ninja[ade]: pump tick（layers=false theme=true pending=true）
ninja[ade]: pump tick（layers=false theme=true pending=true）
ninja[ade]: pump tick（layers=false theme=true pending=true）
ninja[ade]: pump tick（layers=false theme=true pending=true）
ninja[ade]: pump tick（layers=false theme=true pending=true）
ninja[ade]: pump tick（layers=false theme=true pending=true）
ninja[ade]: pump tick（layers=false theme=true pending=true）
ninja[ade]: pump tick（layers=false theme=true pending=false）
ninja[ade]: pump tick（layers=false theme=true pending=false）
ninja[ade]: pump tick（layers=false theme=true pending=false）
ninja: 主题插件连接 2 死亡，色板回退内置/用户基线
ninja: 热重载排期（theme-revoke）
ninja: action tag=44 has_view=true
ninja: action tag=25 has_view=true
ninja: action tag=48 has_view=true
ninja: CONFIG_CHANGE（新配置已传播全部 surface）
ninja: action tag=48 has_view=false
ninja: CONFIG_CHANGE（新配置已传播全部 surface）
ninja: 配置已重载（用户 theme=false ODP=true 监视 2 文件）
ninja: keyDown code=6 flags=0x100 chars=Some("z") unmod=Some("z")
2026-08-31 22:08:37.781 ninja[71410:19788274] TSM AdjustCapsLockLEDForKeyTransitionHandling - _ISSetPhysicalKeyboardCapsLockLED Inhibit
ninja: surface_key code=6 text="z" mods=0x0 consumed=true
ninja: surface_key code=6 text=None mods=0x0 consumed=false
ninja: keyDown code=51 flags=0x100 chars=Some("\u{7f}") unmod=Some("\u{8}")
ninja: surface_key code=51 text="\u{7f}" mods=0x0 consumed=true
ninja: surface_key code=51 text=None mods=0x0 consumed=false
ninja: keyDown code=14 flags=0x100 chars=Some("e") unmod=Some("e")
ninja: surface_key code=14 text="e" mods=0x0 consumed=true
ninja: surface_key code=14 text=None mods=0x0 consumed=false
ninja: keyDown code=8 flags=0x100 chars=Some("c") unmod=Some("c")
ninja: surface_key code=8 text="c" mods=0x0 consumed=true
ninja: surface_key code=8 text=None mods=0x0 consumed=false
ninja: keyDown code=4 flags=0x100 chars=Some("h") unmod=Some("h")
ninja: surface_key code=4 text="h" mods=0x0 consumed=true
ninja: surface_key code=4 text=None mods=0x0 consumed=false
ninja: keyDown code=31 flags=0x100 chars=Some("o") unmod=Some("o")
ninja: surface_key code=31 text="o" mods=0x0 consumed=true
ninja: surface_key code=31 text=None mods=0x0 consumed=false
ninja: keyDown code=49 flags=0x100 chars=Some(" ") unmod=Some(" ")
ninja: surface_key code=49 text=" " mods=0x0 consumed=true
ninja: surface_key code=49 text=None mods=0x0 consumed=false
ninja: keyDown code=44 flags=0x100 chars=Some("/") unmod=Some("/")
ninja: surface_key code=44 text="/" mods=0x0 consumed=true
ninja: surface_key code=44 text=None mods=0x0 consumed=false
ninja: keyDown code=17 flags=0x100 chars=Some("t") unmod=Some("t")
ninja: surface_key code=17 text="t" mods=0x0 consumed=true
ninja: surface_key code=17 text=None mods=0x0 consumed=false
ninja: keyDown code=46 flags=0x100 chars=Some("m") unmod=Some("m")
ninja: surface_key code=46 text="m" mods=0x0 consumed=true
ninja: surface_key code=46 text=None mods=0x0 consumed=false
ninja: keyDown code=35 flags=0x100 chars=Some("p") unmod=Some("p")
ninja: surface_key code=35 text="p" mods=0x0 consumed=true
ninja: surface_key code=35 text=None mods=0x0 consumed=false
ninja: keyDown code=44 flags=0x100 chars=Some("/") unmod=Some("/")
ninja: surface_key code=44 text="/" mods=0x0 consumed=true
ninja: surface_key code=44 text=None mods=0x0 consumed=false
ninja: keyDown code=45 flags=0x100 chars=Some("n") unmod=Some("n")
ninja: surface_key code=45 text="n" mods=0x0 consumed=true
ninja: surface_key code=45 text=None mods=0x0 consumed=false
ninja: keyDown code=12 flags=0x100 chars=Some("q") unmod=Some("q")
ninja: surface_key code=12 text="q" mods=0x0 consumed=true
ninja: surface_key code=12 text=None mods=0x0 consumed=false
ninja: keyDown code=20 flags=0x100 chars=Some("3") unmod=Some("3")
ninja: surface_key code=20 text="3" mods=0x0 consumed=true
ninja: surface_key code=20 text=None mods=0x0 consumed=false
ninja: keyDown code=35 flags=0x100 chars=Some("p") unmod=Some("p")
ninja: surface_key code=35 text="p" mods=0x0 consumed=true
ninja: surface_key code=35 text=None mods=0x0 consumed=false
ninja: keyDown code=44 flags=0x100 chars=Some("/") unmod=Some("/")
ninja: surface_key code=44 text="/" mods=0x0 consumed=true
ninja: surface_key code=44 text=None mods=0x0 consumed=false
ninja: keyDown code=1 flags=0x100 chars=Some("s") unmod=Some("s")
ninja: surface_key code=1 text="s" mods=0x0 consumed=true
ninja: surface_key code=1 text=None mods=0x0 consumed=false
ninja: keyDown code=0 flags=0x100 chars=Some("a") unmod=Some("a")
ninja: surface_key code=0 text="a" mods=0x0 consumed=true
ninja: surface_key code=0 text=None mods=0x0 consumed=false
ninja: keyDown code=46 flags=0x100 chars=Some("m") unmod=Some("m")
ninja: surface_key code=46 text="m" mods=0x0 consumed=true
ninja: surface_key code=46 text=None mods=0x0 consumed=false
ninja: keyDown code=35 flags=0x100 chars=Some("p") unmod=Some("p")
ninja: surface_key code=35 text="p" mods=0x0 consumed=true
ninja: surface_key code=35 text=None mods=0x0 consumed=false
ninja: keyDown code=37 flags=0x100 chars=Some("l") unmod=Some("l")
ninja: surface_key code=37 text="l" mods=0x0 consumed=true
ninja: surface_key code=37 text=None mods=0x0 consumed=false
ninja: keyDown code=14 flags=0x100 chars=Some("e") unmod=Some("e")
ninja: surface_key code=14 text="e" mods=0x0 consumed=true
ninja: surface_key code=14 text=None mods=0x0 consumed=false
ninja: keyDown code=47 flags=0x100 chars=Some(".") unmod=Some(".")
ninja: surface_key code=47 text="." mods=0x0 consumed=true
ninja: surface_key code=47 text=None mods=0x0 consumed=false
ninja: keyDown code=17 flags=0x100 chars=Some("t") unmod=Some("t")
ninja: surface_key code=17 text="t" mods=0x0 consumed=true
ninja: surface_key code=17 text=None mods=0x0 consumed=false
ninja: keyDown code=7 flags=0x100 chars=Some("x") unmod=Some("x")
ninja: surface_key code=7 text="x" mods=0x0 consumed=true
ninja: surface_key code=7 text=None mods=0x0 consumed=false
ninja: keyDown code=17 flags=0x100 chars=Some("t") unmod=Some("t")
ninja: surface_key code=17 text="t" mods=0x0 consumed=true
ninja: surface_key code=17 text=None mods=0x0 consumed=false
ninja: keyDown code=36 flags=0x100 chars=Some("\r") unmod=Some("\r")
ninja: surface_key code=36 text=None mods=0x0 consumed=true
ninja: action tag=32 has_view=true
ninja: action tag=32 has_view=true
ninja: surface_key code=36 text=None mods=0x0 consumed=false
ninja: mouseDown pane=1 loc=CGPoint { x: 56.19921875, y: 29.2421875 } win=CGPoint { x: 56.19921875, y: 410.7578125 }
ninja: mouseDown pane=1 loc=CGPoint { x: 28.4000244140625, y: 61.600006103515625 } win=CGPoint { x: 28.4000244140625, y: 378.3999938964844 }
ninja: action tag=51 has_view=true
ninja: action tag=51 has_view=true
ninja[ade]: grid: 点击处非 token（row=3 col=3，行内容 "~ "）
ninja: mouseDown pane=1 loc=CGPoint { x: 28.4000244140625, y: 79.20001220703125 } win=CGPoint { x: 28.4000244140625, y: 360.79998779296875 }
ninja: action tag=51 has_view=true
ninja: action tag=51 has_view=true
ninja[ade]: grid: 点击处非 token（row=4 col=3，行内容 ""）
ninja: mouseDown pane=1 loc=CGPoint { x: 28.4000244140625, y: 44.0 } win=CGPoint { x: 28.4000244140625, y: 396.0 }
ninja: action tag=51 has_view=true
ninja-preview: hit id=1 kind=Path text="/tmp/nq3p/sample.txt" cwd="/Users/jal"
ninja-preview: claim /tmp/nq3p/sample.txt（行 1 起）
ninja[ade]: dispatch: claim priority=100 conn=1
ninja[ade]: layer.open → ready handle=1 616x220px dpi=72 iosurface=400
ninja-preview: present 层 1（616x220 @72dpi）
ninja[ade]: layer.present handle=1（像素拷贝 → CGImage，重画中）
ninja[ade]: hit id=1 kind=Path text="/tmp/nq3p/sample.txt" cwd="/Users/jal" → Claimed { priority: 100 }
ninja[ade]: pump tick（layers=true theme=false pending=false）
ninja[ade]: pump tick（layers=true theme=false pending=false）
ninja[ade]: pump tick（layers=true theme=false pending=false）
ninja[ade]: pump tick（layers=true theme=false pending=false）
ninja[ade]: pump tick（layers=true theme=false pending=false）
ninja[ade]: pump tick（layers=true theme=false pending=false）
ninja[ade]: pump tick（layers=true theme=false pending=false）
ninja[ade]: pump tick（layers=true theme=false pending=false）
ninja[ade]: pump tick（layers=true theme=false pending=false）
ninja[ade]: pump tick（layers=true theme=false pending=false）
ninja[ade]: pump tick（layers=true theme=false pending=false）
ninja[ade]: conn 1 死亡：已回收其全部层
ninja: 面板开关 "ninja-preview" → off
ninja: 热重载排期（file-watch）
ninja: action tag=44 has_view=true
ninja: action tag=25 has_view=true
ninja: action tag=48 has_view=true
ninja: CONFIG_CHANGE（新配置已传播全部 surface）
ninja: action tag=48 has_view=false
ninja: CONFIG_CHANGE（新配置已传播全部 surface）
ninja: 配置已重载（用户 theme=false ODP=true 监视 2 文件）
ninja: 面板开关 "ninja-theme" → off
ninja: 插件已禁用（层已收、连接已断、子进程已收割、socket "/var/folders/72/fpn_ck6d125094kqmc72q1bm0000gn/T/ninja-ade-71410.sock" 已删）
ninja: 热重载排期（file-watch）
ninja: action tag=44 has_view=true
ninja: action tag=25 has_view=true
ninja: action tag=48 has_view=true
ninja: CONFIG_CHANGE（新配置已传播全部 surface）
ninja: action tag=48 has_view=false
ninja: CONFIG_CHANGE（新配置已传播全部 surface）
ninja: 配置已重载（用户 theme=false ODP=true 监视 2 文件）
ninja: 面板开关 "ninja-preview" → on
ninja: 已拉起插件 "ninja-preview"（pid 73797，socket "/var/folders/72/fpn_ck6d125094kqmc72q1bm0000gn/T/ninja-ade-71410.sock"）
ninja[ade]: pump tick（layers=false theme=false pending=true）
ninja-preview: 已连接宿主（v0）
ninja[ade]: pump tick（layers=false theme=false pending=true）
ninja[ade]: 插件连接 conn=1 进来
ninja: 热重载排期（file-watch）
ninja: action tag=44 has_view=true
ninja: action tag=25 has_view=true
ninja: action tag=48 has_view=true
ninja: CONFIG_CHANGE（新配置已传播全部 surface）
ninja: action tag=48 has_view=false
ninja: CONFIG_CHANGE（新配置已传播全部 surface）
ninja: 配置已重载（用户 theme=false ODP=true 监视 2 文件）
ninja[ade]: pump tick（layers=false theme=false pending=true）
ninja[ade]: pump tick（layers=false theme=false pending=true）
ninja[ade]: pump tick（layers=false theme=false pending=true）
ninja[ade]: pump tick（layers=false theme=false pending=true）
ninja[ade]: pump tick（layers=false theme=false pending=true）
ninja[ade]: pump tick（layers=false theme=false pending=true）
ninja[ade]: pump tick（layers=false theme=false pending=true）
ninja[ade]: pump tick（layers=false theme=false pending=true）
