ninja q2 shell — libghostty 1.3.2-master-+b63cfa0；配置：用户 theme=false ODP=true 监视 2 文件；资源目录 "/Users/jal/my_repos/ninja/vendor/ghostty/out/share/ghostty"
ninja: 清扫陈旧 ADE socket /var/folders/72/fpn_ck6d125094kqmc72q1bm0000gn/T/ninja-ade-36166.sock（pid 36166 已死）
ninja: ninja.toml 启用插件 ["ninja-preview"]（启用即拉起，监督器见 plugins.rs）
screen: NINJA_E2E_SCREEN=50（虚拟屏取证）
ninja: action tag=41 has_view=false
ninja: action tag=25 has_view=true
ninja: action tag=22 has_view=true
ninja: push_size pane=1 bounds=(590.0,422.0) scale=1
ninja: push_size pane=1 bounds=(640.0,408.0) scale=1
ninja: push_size pane=1 bounds=(640.0,440.0) scale=1
ninja: push_size pane=1 bounds=(640.0,440.0) scale=1
screen: NINJA_E2E_SCREEN=50（虚拟屏取证）
ninja: 已拉起插件 "ninja-preview"（pid 38371，socket "/var/folders/72/fpn_ck6d125094kqmc72q1bm0000gn/T/ninja-ade-38364.sock"）
ninja-preview: 已连接宿主（v0）
ninja: action tag=26 has_view=true
ninja: action tag=26 has_view=true
ninja[ade]: pump tick（layers=false theme=false pending=true）
ninja[ade]: 插件连接 conn=1 进来
ninja[ade]: pump tick（layers=false theme=false pending=true）
ninja[ade]: pump tick（layers=false theme=false pending=true）
ninja[ade]: pump tick（layers=false theme=false pending=true）
ninja[ade]: pump tick（layers=false theme=false pending=true）
ninja[ade]: pump tick（layers=false theme=false pending=true）
ninja[ade]: pump tick（layers=false theme=false pending=true）
ninja[ade]: pump tick（layers=false theme=false pending=true）
ninja[ade]: pump tick（layers=false theme=false pending=true）
ninja[ade]: pump tick（layers=false theme=false pending=true）
ninja: action tag=32 has_view=true
ninja[ade]: pump tick（layers=false theme=false pending=true）
ninja[ade]: pump tick（layers=false theme=false pending=true）
ninja[ade]: pump tick（layers=false theme=false pending=true）
ninja[ade]: pump tick（layers=false theme=false pending=true）
ninja[ade]: pump tick（layers=false theme=false pending=true）
ninja[ade]: pump tick（layers=false theme=false pending=true）
ninja[ade]: pump tick（layers=false theme=false pending=true）
ninja[ade]: pump tick（layers=false theme=false pending=true）
ninja[ade]: pump tick（layers=false theme=false pending=true）
ninja[ade]: pump tick（layers=false theme=false pending=true）
ninja[ade]: pump tick（layers=false theme=false pending=true）
ninja[ade]: pump tick（layers=false theme=false pending=true）
