warning: unnecessary `unsafe` block
    --> crates/ninja/src/plugins.rs:1536:13
     |
1536 |             unsafe {
     |             ^^^^^^ unnecessary `unsafe` block
     |
     = note: `#[warn(unused_unsafe)]` (part of `#[warn(unused)]`) on by default

warning: `ninja` (bin "ninja" test) generated 1 warning
    Finished `release` profile [optimized] target(s) in 0.03s
     Running unittests src/main.rs (target/release/deps/ninja-dcabf951429147da)

running 36 tests
test config::tests::config_file_line_parsing ... ok
test config::tests::host_config_default_empty_no_spawn ... ok
test config::tests::host_layer_claims_toggle_visibility_on_bare_comma ... ok
test config::tests::theme_line_detection ... ok
test config::tests::trigger_conversion_forms ... ok
test config::tests::host_config_terminal_keys_and_keys_ignored ... ok
test config::tests::host_config_plugins_only ... ok
test config::tests::odp_layer_text_is_explicit_ghostty_config ... ok
test keymap::tests::bare_super_detects_cmd_only ... ok
test keymap::tests::mod_key_table ... ok
test keymap::tests::consumed_mods_exclude_ctrl_and_cmd ... ok
test keymap::tests::mods_basic_and_sided ... ok
test keymap::tests::sanitize_text_filters_control_and_pua ... ok
test keymap::tests::scroll_mods_packing ... ok
test pane::tests::json_escape_minimal ... ok
test pane::tests::split_rects_sum_to_parent ... ok
test pane::tests::zoom_decision_state_machine ... ok
test plugins::tests::footprint_reads_own_pid ... ok
test plugins::tests::key_name_roundtrip ... ok
test plugins::tests::overlay_rect_anchor_semantics ... ok
test plugins::tests::start_with_empty_enabled_is_none ... ok
test plugins::tests::token_classification ... ok
test plugins::tests::theme_invalid_values_rejected_whole ... ok
test plugins::tests::theme_conf_is_explicit_ghostty_config ... ok
test plugins::tests::token_extraction_at_click_col ... ok
test config::tests::watch_state_detects_change_and_new_file ... ok
test plugins::tests::url_classification_for_open_url_action ... ok
test config::tests::collect_follows_config_file_chain_with_cycle_guard ... ok
test shell::tests::bare_cmd_w_closes_one_surface_at_a_time ... ok
test shell::tests::bare_cmd_w_closes_single_pane_window ... ok
test shell::tests::non_cmd_w_paths_always_close_whole_window ... ok
test plugins::tests::resolve_plugin_binary_segments ... ok
test config::tests::odp_yields_when_user_sets_theme_anywhere_in_chain ... ok
test plugins::tests::sweep_removes_only_dead_pid_sockets ... ok
test plugins::tests::version_gate_kills_connection_not_host ... ok
test plugins::tests::dispatch_hit_full_cycle_and_lifecycle ... ok

test result: ok. 36 passed; 0 failed; 0 ignored; 0 measured; 0 filtered out; finished in 1.14s

