ninja q2 shell — libghostty 1.3.2-master-+b63cfa0；配置：用户 theme=false ODP=true 监视 2 文件；资源目录 "/Users/jal/my_repos/ninja/vendor/ghostty/out/share/ghostty"
ninja: action tag=41 has_view=false
ninja: action tag=25 has_view=true
ninja: action tag=22 has_view=true
screen: NINJA_E2E_SCREEN=35（虚拟屏取证）
ninja: action tag=26 has_view=true
ninja: action tag=26 has_view=true
ninja: action tag=32 has_view=true
ninja: keyDown code=6 flags=0x100 chars=Some("z") unmod=Some("z")
2026-08-31 13:44:12.926 ninja[56338:15382543] TSM AdjustCapsLockLEDForKeyTransitionHandling - _ISSetPhysicalKeyboardCapsLockLED Inhibit
ninja: surface_key code=6 text="z" mods=0x0 consumed=true
ninja: surface_key code=6 text=None mods=0x0 consumed=false
ninja: menu→binding_action(new_split:right)
ninja: action tag=4 has_view=true
ninja: action tag=41 has_view=false
ninja: action tag=25 has_view=true
ninja: action tag=22 has_view=true
ninja: action tag=25 has_view=true
ninja: action tag=25 has_view=true
ninja: action tag=25 has_view=true
ninja: action tag=25 has_view=true
ninja: action tag=26 has_view=true
ninja: action tag=26 has_view=true
ninja: action tag=26 has_view=true
ninja: action tag=26 has_view=true
ninja: action tag=32 has_view=true
ninja: 热重载排期（file-watch）
ninja: action tag=44 has_view=true
ninja: action tag=25 has_view=true
ninja: action tag=48 has_view=true
ninja: CONFIG_CHANGE（新配置已传播全部 surface）
ninja: action tag=44 has_view=true
ninja: action tag=25 has_view=true
ninja: action tag=48 has_view=true
ninja: CONFIG_CHANGE（新配置已传播全部 surface）
ninja: action tag=48 has_view=false
ninja: CONFIG_CHANGE（新配置已传播全部 surface）
ninja: 配置已重载（用户 theme=false ODP=true 监视 2 文件）
ninja: keyDown code=5 flags=0x100100 chars=Some("g") unmod=Some("g")
ninja: action tag=25 has_view=true
ninja: action tag=44 has_view=true
ninja: surface_key code=5 text="g" mods=0x8 consumed=true
ninja: action tag=26 has_view=true
ninja: action tag=25 has_view=true
ninja: action tag=26 has_view=true
ninja: menu→binding_action(new_tab)
ninja: action tag=2 has_view=true
ninja: action tag=41 has_view=false
ninja: action tag=25 has_view=true
ninja: action tag=22 has_view=true
ninja: action tag=25 has_view=true
screen: NINJA_E2E_SCREEN=35（虚拟屏取证）
ninja: action tag=25 has_view=true
ninja: action tag=26 has_view=true
ninja: action tag=26 has_view=true
ninja: action tag=26 has_view=true
ninja: action tag=26 has_view=true
ninja: action tag=26 has_view=true
ninja: 热重载排期（file-watch）
ninja: action tag=47 has_view=false
ninja: action tag=44 has_view=true
ninja: action tag=25 has_view=true
ninja: action tag=48 has_view=true
ninja: CONFIG_CHANGE（新配置已传播全部 surface）
ninja: action tag=44 has_view=true
ninja: action tag=25 has_view=true
ninja: action tag=48 has_view=true
ninja: CONFIG_CHANGE（新配置已传播全部 surface）
ninja: action tag=44 has_view=true
ninja: action tag=25 has_view=true
ninja: action tag=48 has_view=true
ninja: CONFIG_CHANGE（新配置已传播全部 surface）
ninja: action tag=48 has_view=false
ninja: CONFIG_CHANGE（新配置已传播全部 surface）
ninja: 配置已重载（用户 theme=false ODP=true 监视 2 文件）
ninja: action tag=26 has_view=true
ninja: action tag=32 has_view=true
