==> Uninstalling Cask ninja
==> Backing App 'Ninja.app' up to '/opt/homebrew/Caskroom/ninja/0.1.0/Ninja.app'
==> Removing App '/Applications/Ninja.app'
==> Purging files for version 0.1.0 of Cask ninja
==> Uninstalling Cask ninja
==> Backing App 'Ninja.app' up to '/opt/homebrew/Caskroom/ninja/0.1.0/Ninja.app'
==> Removing App '/Applications/Ninja.app'
==> Purging files for version 0.1.0 of Cask ninja
==> Uninstalling Cask ninja
==> Backing App 'Ninja.app' up to '/opt/homebrew/Caskroom/ninja/0.1.0/Ninja.app'
==> Removing App '/Applications/Ninja.app'
==> Purging files for version 0.1.0 of Cask ninja
Error: Cask 'ninja' is not installed.
==> Uninstalling Cask ninja
==> Backing App 'Ninja.app' up to '/opt/homebrew/Caskroom/ninja/0.1.0/Ninja.app'
==> Removing App '/Applications/Ninja.app'
==> Purging files for version 0.1.0 of Cask ninja
==> Uninstalling Cask ninja
==> Backing App 'Ninja.app' up to '/opt/homebrew/Caskroom/ninja/0.1.0/Ninja.app'
==> Removing App '/Applications/Ninja.app'
==> Purging files for version 0.1.0 of Cask ninja
==> Uninstalling Cask ninja
==> Backing App 'Ninja.app' up to '/opt/homebrew/Caskroom/ninja/0.1.0/Ninja.app'
==> Removing App '/Applications/Ninja.app'
==> Purging files for version 0.1.0 of Cask ninja
==> Uninstalling Cask ninja
==> Backing App 'Ninja.app' up to '/opt/homebrew/Caskroom/ninja/0.1.0/Ninja.app'
==> Removing App '/Applications/Ninja.app'
==> Purging files for version 0.1.0 of Cask ninja
==> Uninstalling Cask ninja
==> Backing App 'Ninja.app' up to '/opt/homebrew/Caskroom/ninja/0.1.0/Ninja.app'
==> Removing App '/Applications/Ninja.app'
==> Purging files for version 0.1.0 of Cask ninja
==> Uninstalling Cask ninja
==> Backing App 'Ninja.app' up to '/opt/homebrew/Caskroom/ninja/0.1.0/Ninja.app'
==> Removing App '/Applications/Ninja.app'
==> Purging files for version 0.1.0 of Cask ninja
==> Uninstalling Cask ninja
==> Backing App 'Ninja.app' up to '/opt/homebrew/Caskroom/ninja/0.1.0/Ninja.app'
==> Removing App '/Applications/Ninja.app'
==> Purging files for version 0.1.0 of Cask ninja
==> Uninstalling Cask ninja
==> Backing App 'Ninja.app' up to '/opt/homebrew/Caskroom/ninja/0.1.0/Ninja.app'
==> Removing App '/Applications/Ninja.app'
==> Purging files for version 0.1.0 of Cask ninja
==> Uninstalling Cask ninja
==> Backing App 'Ninja.app' up to '/opt/homebrew/Caskroom/ninja/0.1.0/Ninja.app'
==> Removing App '/Applications/Ninja.app'
==> Purging files for version 0.1.0 of Cask ninja
==> Uninstalling Cask ninja
==> Backing App 'Ninja.app' up to '/opt/homebrew/Caskroom/ninja/0.1.0/Ninja.app'
==> Removing App '/Applications/Ninja.app'
==> Purging files for version 0.1.0 of Cask ninja
